sections
0a00 - 24b3 : DATA, code
24b3 - 24b5 : DATA, data
24b5 - 24b5 : BSS, bss
24b5 - 9000 : HEAP, heap
9000 - 89e0 : STACK, stack
0801 - 087d : DATA, startup
0900 - 0900 : DATA, bytecode
a000 - a000 : SSTACK, puts
a000 - a000 : SSTACK, nforml
9ffc - a000 : SSTACK, isinf
9ffc - 9ffc : SSTACK, nformf
9ff4 - 9ffc : SSTACK, sformat
9fc2 - 9ff4 : SSTACK, printf
89e0 - 9fc2 : SSTACK, main

regions
0801 - 0900 : 007c, 007c, startup
0900 - 0a00 : 0000, 0000, bytecode
0a00 - 9000 : 1ab5, 1ab5, main

objects
0801 - 087d : startup, NATIVE_CODE:startup
24b3 - 24b4 : spentry, DATA:data
24b5 - 24b5 : BSSStart, START:bss
24b5 - 24b5 : BSSEnd, END:bss
89e0 - 89e0 : StackEnd, END:stack
0a00 - 0abe : main, BYTE_CODE:code
0abe - 0ae9 : printf, BYTE_CODE:code
0ae9 - 11f8 : sformat, BYTE_CODE:code
11f8 - 1203 : puts, BYTE_CODE:code
1203 - 1215 : *, NATIVE_CODE:code
1215 - 1241 : putpch, NATIVE_CODE:code
24b4 - 24b5 : giocharmap, DATA:data
1241 - 13c5 : nforml, BYTE_CODE:code
13c5 - 1762 : nformf, BYTE_CODE:code
1762 - 1780 : isinf, BYTE_CODE:code
9ffc - a000 : *, BSS:isinf
9ff4 - 9ffc : *, BSS:sformat
9fc2 - 9ff4 : *, BSS:printf
1780 - 1785 : *, DATA:code
1785 - 178a : *, DATA:code
89e0 - 9fc2 : *, BSS:main
178a - 17cf : freg, NATIVE_CODE:code
17cf - 18b6 : faddsub, NATIVE_CODE:code
18b6 - 1957 : fmul, NATIVE_CODE:code
1957 - 1985 : fmul8, NATIVE_CODE:code
1985 - 1a33 : fdiv, NATIVE_CODE:code
1a33 - 1a41 : negaccu, NATIVE_CODE:code
1a41 - 1a4f : negtmp, NATIVE_CODE:code
1a4f - 1ad4 : divmod, NATIVE_CODE:code
1ad4 - 1b16 : f32_to_i16, NATIVE_CODE:code
1b16 - 1b34 : sint16_to_float, NATIVE_CODE:code
1b34 - 1b61 : uint16_to_float, NATIVE_CODE:code
1b61 - 1b7b : negaccu32, NATIVE_CODE:code
1b7b - 1c11 : divmod32, NATIVE_CODE:code
1c11 - 1c18 : inp_op_ext_u16, NATIVE_CODE:code
1c18 - 1c2c : inp_binop_div_u32, NATIVE_CODE:code
1c2c - 1c50 : inp_binop_mod_u32, NATIVE_CODE:code
1c50 - 1c81 : inp_op_cmp_u32, NATIVE_CODE:code
1c81 - 1cba : inp_op_cmp_s32, NATIVE_CODE:code
0900 - 0900 : bytecode, RUNTIME:bytecode
1cba - 1cbd : inp_nop, NATIVE_CODE:code
1cbd - 1cc8 : inp_const_8, NATIVE_CODE:code
1cc8 - 1cd7 : inp_const_p8, NATIVE_CODE:code
1cd7 - 1ce7 : inp_const_16, NATIVE_CODE:code
1ce7 - 1d01 : inp_const_32, NATIVE_CODE:code
1d01 - 1d0f : inp_load_reg_8, NATIVE_CODE:code
1d0f - 1d19 : inp_store_reg_8, NATIVE_CODE:code
1d19 - 1d27 : inp_load_reg_16, NATIVE_CODE:code
1d27 - 1d35 : inp_store_reg_16, NATIVE_CODE:code
1d35 - 1d43 : inp_addr_reg, NATIVE_CODE:code
1d43 - 1d59 : inp_load_reg_32, NATIVE_CODE:code
1d59 - 1d6f : inp_store_reg_32, NATIVE_CODE:code
1d6f - 1d93 : inp_load_abs_8, NATIVE_CODE:code
1d93 - 1dbb : inp_load_abs_u8, NATIVE_CODE:code
1dbb - 1de4 : inp_load_abs_16, NATIVE_CODE:code
1de4 - 1e08 : inp_store_abs_8, NATIVE_CODE:code
1e08 - 1e31 : inp_store_abs_16, NATIVE_CODE:code
1e31 - 1e64 : inp_store_abs_32, NATIVE_CODE:code
1e64 - 1e74 : inp_lea_abs, NATIVE_CODE:code
1e74 - 1e89 : inp_lea_abs_index, NATIVE_CODE:code
1e89 - 1e9c : inp_lea_accu_index, NATIVE_CODE:code
1e9c - 1eac : inp_load_local_8, NATIVE_CODE:code
1eac - 1ec0 : inp_load_local_u8, NATIVE_CODE:code
1ec0 - 1ed5 : inp_load_local_16, NATIVE_CODE:code
1ed5 - 1ef4 : inp_load_local_32, NATIVE_CODE:code
1ef4 - 1f09 : inp_store_local_16, NATIVE_CODE:code
1f09 - 1f28 : inp_store_local_32, NATIVE_CODE:code
1f28 - 1f3d : inp_lea_local, NATIVE_CODE:code
1f3d - 1f4d : inp_store_frame_8, NATIVE_CODE:code
1f4d - 1f62 : inp_store_frame_16, NATIVE_CODE:code
1f62 - 1f81 : inp_store_frame_32, NATIVE_CODE:code
1f81 - 1fb4 : inp_load_abs_32, NATIVE_CODE:code
1fb4 - 1fc7 : inp_binop_addr_16, NATIVE_CODE:code
1fc7 - 1fda : inp_binop_subr_16, NATIVE_CODE:code
1fda - 2012 : inp_binop_mulr_16, NATIVE_CODE:code
2012 - 2023 : inp_binop_divr_u16, NATIVE_CODE:code
2023 - 203c : inp_binop_modr_u16, NATIVE_CODE:code
203c - 206b : inp_binop_divr_s16, NATIVE_CODE:code
206b - 20aa : inp_binop_modr_s16, NATIVE_CODE:code
20aa - 20bd : inp_binop_adda_16, NATIVE_CODE:code
20bd - 20d2 : inp_binop_addi_16, NATIVE_CODE:code
20d2 - 20e7 : inp_binop_subi_16, NATIVE_CODE:code
20e7 - 20fb : inp_binop_andi_16, NATIVE_CODE:code
20fb - 2136 : inp_binop_muli8_16, NATIVE_CODE:code
2136 - 2144 : inp_binop_addi_8, NATIVE_CODE:code
2144 - 2151 : inp_binop_andi_8, NATIVE_CODE:code
2151 - 216b : inp_binop_shl_16, NATIVE_CODE:code
216b - 2185 : inp_binop_shr_u16, NATIVE_CODE:code
2185 - 21e7 : cmp16, NATIVE_CODE:code
21e7 - 2233 : cmp8, NATIVE_CODE:code
2233 - 2243 : inp_op_negate_16, NATIVE_CODE:code
2243 - 2252 : inp_op_invert_16, NATIVE_CODE:code
2252 - 225b : inp_binop_add_f32, NATIVE_CODE:code
225b - 226a : inp_binop_sub_f32, NATIVE_CODE:code
226a - 2277 : inp_binop_mul_f32, NATIVE_CODE:code
2277 - 2280 : inp_binop_div_f32, NATIVE_CODE:code
2280 - 22e7 : inp_binop_cmp_f32, NATIVE_CODE:code
22e7 - 22f0 : inp_op_negate_f32, NATIVE_CODE:code
22f0 - 22f6 : inp_conv_i16_f32, NATIVE_CODE:code
22f6 - 22fc : inp_conv_f32_i16, NATIVE_CODE:code
22fc - 234e : bra, NATIVE_CODE:code
234e - 239c : braf, NATIVE_CODE:code
239c - 23a9 : loopu8, NATIVE_CODE:code
23a9 - 23c4 : inp_jsr, NATIVE_CODE:code
23c4 - 23e4 : inp_native, NATIVE_CODE:code
23e4 - 241d : inp_enter, NATIVE_CODE:code
241d - 2457 : inp_return, NATIVE_CODE:code
2457 - 247b : inp_call, NATIVE_CODE:code
247b - 248c : inp_push_frame, NATIVE_CODE:code
248c - 249d : inp_pop_frame, NATIVE_CODE:code
249d - 24b3 : inp_op_extrt, NATIVE_CODE:code
