sections
0a00 - 3508 : DATA, code
3508 - 4545 : DATA, data
4545 - 45c9 : BSS, bss
45c9 - 9000 : HEAP, heap
9000 - 9fc2 : STACK, stack
0801 - 087d : DATA, startup
0900 - 0900 : DATA, bytecode
a000 - a000 : SSTACK, malloc
a000 - a000 : SSTACK, memcpy
a000 - a000 : SSTACK, vic_setbank
a000 - a000 : SSTACK, cwin_init
a000 - a000 : SSTACK, fill_fwd
a000 - a000 : SSTACK, cwin_fill
a000 - a000 : SSTACK, cwin_clear
a000 - a000 : SSTACK, corral
a000 - a000 : SSTACK, gotoxy
a000 - a000 : SSTACK, puts
a000 - a000 : SSTACK, nforml
9ffc - a000 : SSTACK, isinf
9ffc - 9ffc : SSTACK, nformf
9ff4 - 9ffc : SSTACK, sformat
9fc2 - 9ff4 : SSTACK, printf
a000 - a000 : SSTACK, cwin_putat_string
a000 - a000 : SSTACK, strlen
a000 - a000 : SSTACK, putchar
9fc2 - 9fc2 : SSTACK, main

regions
0801 - 0900 : 007c, 007c, startup
0900 - 0a00 : 0000, 0000, bytecode
0a00 - 9000 : 3b45, 3bc9, main

objects
0801 - 087d : startup, NATIVE_CODE:startup
3508 - 3509 : spentry, DATA:data
4545 - 4545 : BSSStart, START:bss
45c9 - 45c9 : BSSEnd, END:bss
9fc2 - 9fc2 : StackEnd, END:stack
0a00 - 1547 : main, BYTE_CODE:code
1547 - 1614 : malloc, BYTE_CODE:code
3509 - 350a : freeHeapInit, DATA:data
45c9 - 45c9 : HeapStart, START:heap
4545 - 4547 : freeHeap, DATA:bss
9000 - 9000 : HeapEnd, END:heap
4547 - 4570 : spaces, DATA:bss
1614 - 163d : *, DATA:code
4570 - 4572 : xpos, DATA:bss
4572 - 4574 : ypos, DATA:bss
163d - 166d : memcpy, NATIVE_CODE:code
350a - 450a : data, DATA:data
166d - 1689 : vic_setbank, BYTE_CODE:code
4574 - 4576 : i, DATA:bss
1689 - 16db : cwin_init, BYTE_CODE:code
450a - 453c : mul40, DATA:data
4576 - 4580 : outputwin, DATA:bss
16db - 16f7 : cwin_clear, BYTE_CODE:code
16f7 - 1740 : cwin_fill, BYTE_CODE:code
1740 - 1756 : fill_fwd, NATIVE_CODE:code
4580 - 458a : inputwin, DATA:bss
458a - 4594 : msgwin, DATA:bss
1756 - 17ae : corral, BYTE_CODE:code
4594 - 4595 : c, DATA:bss
4595 - 45ae : tmpstring, DATA:bss
45ae - 45c7 : inputstring, DATA:bss
17ae - 17fb : *, NATIVE_CODE:code
17fb - 1806 : gotoxy, BYTE_CODE:code
1806 - 180f : *, NATIVE_CODE:code
180f - 183a : printf, BYTE_CODE:code
183a - 1f7b : sformat, BYTE_CODE:code
1f7b - 1f86 : puts, BYTE_CODE:code
1f86 - 1f98 : *, NATIVE_CODE:code
1f98 - 1fc4 : putpch, NATIVE_CODE:code
453c - 453d : giocharmap, DATA:data
1fc4 - 2148 : nforml, BYTE_CODE:code
2148 - 24e5 : nformf, BYTE_CODE:code
24e5 - 2503 : isinf, BYTE_CODE:code
9ffc - a000 : *, BSS:isinf
9ff4 - 9ffc : *, BSS:sformat
9fc2 - 9ff4 : *, BSS:printf
2503 - 2506 : *, DATA:code
2506 - 250c : *, NATIVE_CODE:code
250c - 2564 : cwin_putat_string, NATIVE_CODE:code
453d - 4545 : p2smap, DATA:data
2564 - 2567 : *, DATA:code
45c7 - 45c9 : z, DATA:bss
2567 - 259a : strlen, NATIVE_CODE:code
259a - 25a3 : *, DATA:code
25a3 - 25ab : *, DATA:code
25ab - 25b9 : *, DATA:code
25b9 - 25bb : *, DATA:code
25bb - 25bd : *, DATA:code
25bd - 25bf : *, DATA:code
25bf - 25c1 : *, DATA:code
25c1 - 25c3 : *, DATA:code
25c3 - 25c5 : *, DATA:code
25c5 - 25c7 : *, DATA:code
25c7 - 25c9 : *, DATA:code
25c9 - 25cb : *, DATA:code
25cb - 25cd : *, DATA:code
25cd - 25cf : *, DATA:code
25cf - 25d1 : *, DATA:code
25d1 - 25d3 : *, DATA:code
25d3 - 25d5 : *, DATA:code
25d5 - 25d7 : *, DATA:code
25d7 - 25d9 : *, DATA:code
25d9 - 25db : *, DATA:code
25db - 25dd : *, DATA:code
25dd - 25df : *, DATA:code
25df - 25e1 : *, DATA:code
25e1 - 25e3 : *, DATA:code
25e3 - 25e5 : *, DATA:code
25e5 - 25e7 : *, DATA:code
25e7 - 25e9 : *, DATA:code
25e9 - 25eb : *, DATA:code
25eb - 25ed : *, DATA:code
25ed - 25f3 : *, DATA:code
25f3 - 25fa : *, DATA:code
25fa - 2604 : *, DATA:code
2604 - 260a : *, DATA:code
260a - 2611 : *, DATA:code
2611 - 2619 : *, DATA:code
2619 - 2623 : *, DATA:code
2623 - 262b : *, DATA:code
262b - 2633 : *, DATA:code
2633 - 263d : *, DATA:code
263d - 2647 : *, DATA:code
2647 - 2652 : *, DATA:code
2652 - 265c : *, DATA:code
265c - 2662 : *, DATA:code
2662 - 266a : *, DATA:code
266a - 2674 : *, DATA:code
2674 - 267b : *, DATA:code
267b - 2681 : *, DATA:code
2681 - 2689 : *, DATA:code
2689 - 2691 : *, DATA:code
2691 - 269a : *, DATA:code
269a - 26a0 : *, DATA:code
26a0 - 26a6 : *, DATA:code
26a6 - 26ad : *, DATA:code
26ad - 26b5 : *, DATA:code
26b5 - 26bf : *, DATA:code
26bf - 26c6 : *, DATA:code
26c6 - 26d0 : *, DATA:code
26d0 - 26d8 : *, DATA:code
26d8 - 26e2 : *, DATA:code
26e2 - 26eb : *, DATA:code
26eb - 26f3 : *, DATA:code
26f3 - 2700 : *, DATA:code
2700 - 2706 : *, DATA:code
2706 - 270f : *, DATA:code
270f - 2715 : *, DATA:code
2715 - 271d : *, DATA:code
271d - 2721 : *, DATA:code
2721 - 2729 : *, DATA:code
2729 - 2731 : *, DATA:code
2731 - 273a : *, DATA:code
273a - 2741 : *, DATA:code
2741 - 2747 : *, DATA:code
2747 - 274c : *, DATA:code
274c - 2752 : *, DATA:code
2752 - 275b : *, DATA:code
275b - 2764 : *, DATA:code
2764 - 276b : *, DATA:code
276b - 2773 : *, DATA:code
2773 - 277d : *, DATA:code
277d - 2785 : *, DATA:code
2785 - 278c : *, DATA:code
278c - 2791 : *, DATA:code
2791 - 279b : *, DATA:code
279b - 27a1 : *, DATA:code
27a1 - 27a8 : *, DATA:code
27a8 - 27ad : *, DATA:code
27ad - 27b5 : *, DATA:code
27b5 - 27ba : *, DATA:code
27ba - 27c1 : *, DATA:code
27c1 - 27c8 : *, DATA:code
27c8 - 27d0 : *, DATA:code
27d0 - 27db : putchar, BYTE_CODE:code
27db - 27e0 : *, NATIVE_CODE:code
27e0 - 27e3 : *, DATA:code
27e3 - 2828 : freg, NATIVE_CODE:code
2828 - 290f : faddsub, NATIVE_CODE:code
290f - 29b0 : fmul, NATIVE_CODE:code
29b0 - 29de : fmul8, NATIVE_CODE:code
29de - 2a8c : fdiv, NATIVE_CODE:code
2a8c - 2a9a : negaccu, NATIVE_CODE:code
2a9a - 2aa8 : negtmp, NATIVE_CODE:code
2aa8 - 2b2d : divmod, NATIVE_CODE:code
2b2d - 2b6f : f32_to_i16, NATIVE_CODE:code
2b6f - 2b8d : sint16_to_float, NATIVE_CODE:code
2b8d - 2bba : uint16_to_float, NATIVE_CODE:code
2bba - 2bd4 : negaccu32, NATIVE_CODE:code
2bd4 - 2c6a : divmod32, NATIVE_CODE:code
2c6a - 2c71 : inp_op_ext_u16, NATIVE_CODE:code
2c71 - 2c85 : inp_binop_div_u32, NATIVE_CODE:code
2c85 - 2ca9 : inp_binop_mod_u32, NATIVE_CODE:code
2ca9 - 2cda : inp_op_cmp_u32, NATIVE_CODE:code
2cda - 2d13 : inp_op_cmp_s32, NATIVE_CODE:code
0900 - 0900 : bytecode, RUNTIME:bytecode
2d13 - 2d16 : inp_nop, NATIVE_CODE:code
2d16 - 2d21 : inp_const_8, NATIVE_CODE:code
2d21 - 2d30 : inp_const_p8, NATIVE_CODE:code
2d30 - 2d40 : inp_const_16, NATIVE_CODE:code
2d40 - 2d5a : inp_const_32, NATIVE_CODE:code
2d5a - 2d68 : inp_load_reg_8, NATIVE_CODE:code
2d68 - 2d72 : inp_store_reg_8, NATIVE_CODE:code
2d72 - 2d80 : inp_load_reg_16, NATIVE_CODE:code
2d80 - 2d8e : inp_store_reg_16, NATIVE_CODE:code
2d8e - 2d9c : inp_addr_reg, NATIVE_CODE:code
2d9c - 2db2 : inp_load_reg_32, NATIVE_CODE:code
2db2 - 2dc8 : inp_store_reg_32, NATIVE_CODE:code
2dc8 - 2dec : inp_load_abs_8, NATIVE_CODE:code
2dec - 2e14 : inp_load_abs_u8, NATIVE_CODE:code
2e14 - 2e3d : inp_load_abs_16, NATIVE_CODE:code
2e3d - 2e61 : inp_store_abs_8, NATIVE_CODE:code
2e61 - 2e8a : inp_store_abs_16, NATIVE_CODE:code
2e8a - 2ebd : inp_store_abs_32, NATIVE_CODE:code
2ebd - 2ecd : inp_lea_abs, NATIVE_CODE:code
2ecd - 2ee2 : inp_lea_abs_index, NATIVE_CODE:code
2ee2 - 2ef5 : inp_lea_accu_index, NATIVE_CODE:code
2ef5 - 2f05 : inp_load_local_8, NATIVE_CODE:code
2f05 - 2f19 : inp_load_local_u8, NATIVE_CODE:code
2f19 - 2f2e : inp_load_local_16, NATIVE_CODE:code
2f2e - 2f4d : inp_load_local_32, NATIVE_CODE:code
2f4d - 2f62 : inp_store_local_16, NATIVE_CODE:code
2f62 - 2f81 : inp_store_local_32, NATIVE_CODE:code
2f81 - 2f96 : inp_lea_local, NATIVE_CODE:code
2f96 - 2fa6 : inp_store_frame_8, NATIVE_CODE:code
2fa6 - 2fbb : inp_store_frame_16, NATIVE_CODE:code
2fbb - 2fda : inp_store_frame_32, NATIVE_CODE:code
2fda - 300d : inp_load_abs_32, NATIVE_CODE:code
300d - 3020 : inp_binop_addr_16, NATIVE_CODE:code
3020 - 3033 : inp_binop_subr_16, NATIVE_CODE:code
3033 - 3045 : inp_binop_orr_16, NATIVE_CODE:code
3045 - 3057 : inp_binop_xorr_16, NATIVE_CODE:code
3057 - 3068 : inp_binop_divr_u16, NATIVE_CODE:code
3068 - 3081 : inp_binop_modr_u16, NATIVE_CODE:code
3081 - 30b0 : inp_binop_divr_s16, NATIVE_CODE:code
30b0 - 30ef : inp_binop_modr_s16, NATIVE_CODE:code
30ef - 3102 : inp_binop_adda_16, NATIVE_CODE:code
3102 - 3117 : inp_binop_addi_16, NATIVE_CODE:code
3117 - 312c : inp_binop_subi_16, NATIVE_CODE:code
312c - 3140 : inp_binop_andi_16, NATIVE_CODE:code
3140 - 317b : inp_binop_muli8_16, NATIVE_CODE:code
317b - 3189 : inp_binop_addi_8, NATIVE_CODE:code
3189 - 3196 : inp_binop_andi_8, NATIVE_CODE:code
3196 - 31b0 : inp_binop_shl_16, NATIVE_CODE:code
31b0 - 31ca : inp_binop_shr_u16, NATIVE_CODE:code
31ca - 322c : cmp16, NATIVE_CODE:code
322c - 3278 : cmp8, NATIVE_CODE:code
3278 - 3288 : inp_op_negate_16, NATIVE_CODE:code
3288 - 3297 : inp_op_invert_16, NATIVE_CODE:code
3297 - 32a0 : inp_binop_add_f32, NATIVE_CODE:code
32a0 - 32af : inp_binop_sub_f32, NATIVE_CODE:code
32af - 32bc : inp_binop_mul_f32, NATIVE_CODE:code
32bc - 32c5 : inp_binop_div_f32, NATIVE_CODE:code
32c5 - 332c : inp_binop_cmp_f32, NATIVE_CODE:code
332c - 3335 : inp_op_negate_f32, NATIVE_CODE:code
3335 - 333b : inp_conv_i16_f32, NATIVE_CODE:code
333b - 3341 : inp_conv_f32_i16, NATIVE_CODE:code
3341 - 3393 : bra, NATIVE_CODE:code
3393 - 33e1 : braf, NATIVE_CODE:code
33e1 - 33ee : loopu8, NATIVE_CODE:code
33ee - 3409 : inp_jsr, NATIVE_CODE:code
3409 - 3429 : inp_native, NATIVE_CODE:code
3429 - 3462 : inp_enter, NATIVE_CODE:code
3462 - 349c : inp_return, NATIVE_CODE:code
349c - 34c0 : inp_call, NATIVE_CODE:code
34c0 - 34d1 : inp_push_frame, NATIVE_CODE:code
34d1 - 34e2 : inp_pop_frame, NATIVE_CODE:code
34e2 - 34f2 : inp_strcpy, NATIVE_CODE:code
34f2 - 3508 : inp_op_extrt, NATIVE_CODE:code
